npm notice run log-analyzer-dashboard@0.0.0 npx
npm notice run tauri build
        Info Looking up installed tauri packages to check mismatched versions...
     Running beforeBuildCommand `npm run build`
npm notice run log-analyzer-dashboard@0.0.0 build
npm notice run tsc -b && vite build
vite v7.2.2 building client environment for production...
[baseline-browser-mapping] The data in this module is over two months old.  To ensure accurate Baseline data, please update: `npm i baseline-browser-mapping@latest -D`
transforming...
Browserslist: browsers data (caniuse-lite) is 11 months old. Please run:
  npx update-browserslist-db@latest
  Why you should do it regularly: https://github.com/browserslist/update-db#readme
✓ 51 modules transformed.
rendering chunks...
computing gzip size...
dist/index.html                          0.82 kB │ gzip:  0.46 kB
dist/assets/ingest.worker-Cpqmv0OT.js   15.31 kB
dist/assets/index-DX-foro-.css          26.98 kB │ gzip:  5.67 kB
dist/assets/index-DVcdMhBM.js            0.20 kB │ gzip:  0.18 kB
dist/assets/index-OQo9esvj.js          255.98 kB │ gzip: 79.70 kB
✓ built in 5.43s
   Compiling log-analyzer v0.1.0 (D:\GeminiCLIProjects\la-harness-verify\log-analyzer-dashboard\src-tauri)
warning: unused import: `Write`
 --> src\main.rs:3:37
  |
3 | use std::io::{Read, Seek, SeekFrom, Write};
  |                                     ^^^^^
  |
  = note: `#[warn(unused_imports)]` (part of `#[warn(unused)]`) on by default

warning: `log-analyzer` (bin "log-analyzer") generated 1 warning (run `cargo fix --bin "log-analyzer" -p log-analyzer` to apply 1 suggestion)
    Finished `release` profile [optimized] target(s) in 1m 21s
       Built application at: D:\GeminiCLIProjects\la-harness-verify\log-analyzer-dashboard\src-tauri\target\release\log-analyzer.exe
        Info Patching D:\GeminiCLIProjects\la-harness-verify\log-analyzer-dashboard\src-tauri\target\release\log-analyzer.exe with bundle type information: msi
        Info Target: x64
     Running candle for "D:\\GeminiCLIProjects\\la-harness-verify\\log-analyzer-dashboard\\src-tauri\\target\\release\\wix\\x64\\main.wxs"
     Running light to produce D:\GeminiCLIProjects\la-harness-verify\log-analyzer-dashboard\src-tauri\target\release\bundle\msi\log-analyzer_0.1.0_x64_en-US.msi
        Info Patching D:\GeminiCLIProjects\la-harness-verify\log-analyzer-dashboard\src-tauri\target\release\log-analyzer.exe with bundle type information: nsis
        Info Verifying NSIS package
 Downloading https://github.com/tauri-apps/binary-releases/releases/download/nsis-3.11/nsis-3.11.zip
        Info validating hash
        Info extracting NSIS
 Downloading https://github.com/tauri-apps/nsis-tauri-utils/releases/download/nsis_tauri_utils-v0.5.3/nsis_tauri_utils.dll
        Info validating hash
        Info Target: x64
     Running makensis to produce D:\GeminiCLIProjects\la-harness-verify\log-analyzer-dashboard\src-tauri\target\release\bundle\nsis\log-analyzer_0.1.0_x64-setup.exe
    Finished 2 bundles at:
        D:\GeminiCLIProjects\la-harness-verify\log-analyzer-dashboard\src-tauri\target\release\bundle\msi\log-analyzer_0.1.0_x64_en-US.msi
        D:\GeminiCLIProjects\la-harness-verify\log-analyzer-dashboard\src-tauri\target\release\bundle\nsis\log-analyzer_0.1.0_x64-setup.exe

